/Users/chordia/Desktop/HW12/FDCAN_Com_Polling/Src/main.c:70:5:__io_putchar	16	static
/Users/chordia/Desktop/HW12/FDCAN_Com_Polling/Src/main.c:82:5:main	72	static
/Users/chordia/Desktop/HW12/FDCAN_Com_Polling/Src/main.c:223:6:SystemClock_Config	64	static
/Users/chordia/Desktop/HW12/FDCAN_Com_Polling/Src/main.c:258:13:MX_FDCAN1_Init	8	static
/Users/chordia/Desktop/HW12/FDCAN_Com_Polling/Src/main.c:290:13:MX_GPIO_Init	16	static
/Users/chordia/Desktop/HW12/FDCAN_Com_Polling/Src/main.c:297:13:MX_USART2_Init	48	static
/Users/chordia/Desktop/HW12/FDCAN_Com_Polling/Src/main.c:320:6:BSP_PB_Callback	32	static
/Users/chordia/Desktop/HW12/FDCAN_Com_Polling/Src/main.c:354:17:BufferCmp8b	24	static
/Users/chordia/Desktop/HW12/FDCAN_Com_Polling/Src/main.c:376:6:Error_Handler	8	static
